22:59:57.382  Conectando COM6; prueba sin RUN y con el motor detenido
22:59:59.116  RESET 1/10
23:00:00.128  RX TEL=STATUS;FW=1.3.0;STATE=STOPPED;MOTOR=0;BOX_SENSOR=0;LIGHT=58;ADC=2383;MV=1920;HOURMETER_S=0;CYCLES=0;ALARM=NONE
23:00:00.139  RX TEL=STATUS;FW=1.3.0;STATE=STOPPED;MOTOR=0;BOX_SENSOR=0;LIGHT=70;ADC=2877;MV=2318;HOURMETER_S=0;CYCLES=0;ALARM=NONE
23:00:01.142  RX ACK=RESET;STATE=STOPPED;ALARM=NONE
23:00:01.143  RX TEL=STATUS;FW=1.3.0;STATE=STOPPED;MOTOR=0;BOX_SENSOR=0;LIGHT=70;ADC=2877;MV=2318;HOURMETER_S=0;CYCLES=0;ALARM=NONE
23:00:01.143  RX TEL=STATUS;FW=1.3.0;STATE=STOPPED;MOTOR=0;BOX_SENSOR=0;LIGHT=55;ADC=2264;MV=1824;HOURMETER_S=0;CYCLES=0;ALARM=NONE
23:00:01.145  ACK RESET 1/10
23:00:01.145  RX TEL=STATUS;FW=1.3.0;STATE=STOPPED;MOTOR=0;BOX_SENSOR=0;LIGHT=70;ADC=2876;MV=2318;HOURMETER_S=0;CYCLES=0;ALARM=NONE
23:00:01.345  RESET 2/10
23:00:01.351  RX ACK=RESET;STATE=STOPPED;ALARM=NONE
23:00:01.351  ACK RESET 2/10
23:00:01.361  RX TEL=STATUS;FW=1.3.0;STATE=STOPPED;MOTOR=0;BOX_SENSOR=0;LIGHT=69;ADC=2842;MV=2290;HOURMETER_S=0;CYCLES=0;ALARM=NONE
23:00:01.564  RESET 3/10
23:00:01.569  RX ACK=RESET;STATE=STOPPED;ALARM=NONE
23:00:01.570  ACK RESET 3/10
23:00:01.579  RX TEL=STATUS;FW=1.3.0;STATE=STOPPED;MOTOR=0;BOX_SENSOR=0;LIGHT=68;ADC=2787;MV=2246;HOURMETER_S=0;CYCLES=0;ALARM=NONE
23:00:01.784  RESET 4/10
23:00:01.789  RX ACK=RESET;STATE=STOPPED;ALARM=NONE
23:00:01.790  ACK RESET 4/10
23:00:01.799  RX TEL=STATUS;FW=1.3.0;STATE=STOPPED;MOTOR=0;BOX_SENSOR=0;LIGHT=66;ADC=2704;MV=2179;HOURMETER_S=0;CYCLES=0;ALARM=NONE
23:00:02.001  RESET 5/10
23:00:02.007  RX ACK=RESET;STATE=STOPPED;ALARM=NONE
23:00:02.008  ACK RESET 5/10
23:00:02.017  RX TEL=STATUS;FW=1.3.0;STATE=STOPPED;MOTOR=0;BOX_SENSOR=0;LIGHT=63;ADC=2561;MV=2064;HOURMETER_S=0;CYCLES=0;ALARM=NONE
23:00:02.085  RX TEL=STATUS;FW=1.3.0;STATE=STOPPED;MOTOR=0;BOX_SENSOR=0;LIGHT=55;ADC=2248;MV=1812;HOURMETER_S=0;CYCLES=0;ALARM=NONE
23:00:02.219  RESET 6/10
23:00:02.224  RX ACK=RESET;STATE=STOPPED;ALARM=NONE
23:00:02.225  ACK RESET 6/10
23:00:02.235  RX TEL=STATUS;FW=1.3.0;STATE=STOPPED;MOTOR=0;BOX_SENSOR=0;LIGHT=55;ADC=2248;MV=1812;HOURMETER_S=0;CYCLES=0;ALARM=NONE
23:00:02.437  RESET 7/10
23:00:02.442  RX ACK=RESET;STATE=STOPPED;ALARM=NONE
23:00:02.442  ACK RESET 7/10
23:00:02.452  RX TEL=STATUS;FW=1.3.0;STATE=STOPPED;MOTOR=0;BOX_SENSOR=0;LIGHT=54;ADC=2209;MV=1780;HOURMETER_S=0;CYCLES=0;ALARM=NONE
23:00:02.641  RESET 8/10
23:00:02.647  RX ACK=RESET;STATE=STOPPED;ALARM=NONE
23:00:02.647  ACK RESET 8/10
23:00:02.658  RX TEL=STATUS;FW=1.3.0;STATE=STOPPED;MOTOR=0;BOX_SENSOR=0;LIGHT=57;ADC=2345;MV=1890;HOURMETER_S=0;CYCLES=0;ALARM=NONE
23:00:02.860  RESET 9/10
23:00:02.866  RX ACK=RESET;STATE=STOPPED;ALARM=NONE
23:00:02.866  ACK RESET 9/10
23:00:02.876  RX TEL=STATUS;FW=1.3.0;STATE=STOPPED;MOTOR=0;BOX_SENSOR=0;LIGHT=61;ADC=2505;MV=2019;HOURMETER_S=0;CYCLES=0;ALARM=NONE
23:00:03.077  RESET 10/10
23:00:03.081  RX TEL=STATUS;FW=1.3.0;STATE=STOPPED;MOTOR=0;BOX_SENSOR=0;LIGHT=70;ADC=2880;MV=2321;HOURMETER_S=0;CYCLES=0;ALARM=NONE
23:00:04.076  RX TEL=STATUS;FW=1.3.0;STATE=STOPPED;MOTOR=0;BOX_SENSOR=0;LIGHT=53;ADC=2151;MV=1733;HOURMETER_S=0;CYCLES=0;ALARM=NONE
23:00:05.072  RX TEL=STATUS;FW=1.3.0;STATE=STOPPED;MOTOR=0;BOX_SENSOR=0;LIGHT=69;ADC=2846;MV=2293;HOURMETER_S=0;CYCLES=0;ALARM=NONE
23:00:05.117  RX ACK=RESET;STATE=STOPPED;ALARM=NONE
23:00:05.117  ACK RESET 10/10
23:00:05.127  RX TEL=STATUS;FW=1.3.0;STATE=STOPPED;MOTOR=0;BOX_SENSOR=0;LIGHT=69;ADC=2846;MV=2293;HOURMETER_S=0;CYCLES=0;ALARM=NONE
23:00:06.067  RX TEL=STATUS;FW=1.3.0;STATE=STOPPED;MOTOR=0;BOX_SENSOR=0;LIGHT=55;ADC=2254;MV=1816;HOURMETER_S=0;CYCLES=0;ALARM=NONE
23:00:06.420  RESULTADO OK; FW=1.3.0; ESTADO=STOPPED; ALARMA=NONE
